\BOOKMARK [0][-]{bm:Title.0}{\376\377\000T\000i\000t\000l\000e\000\040\000P\000a\000g\000e}{}% 1
\BOOKMARK [0][-]{bm:Copyright.0}{\376\377\000C\000o\000p\000y\000r\000i\000g\000h\000t}{}% 2
\BOOKMARK [0][-]{bm:DepAp.0}{\376\377\000D\000e\000p\000a\000r\000t\000m\000e\000n\000t\000\040\000A\000p\000p\000r\000o\000v\000a\000l}{}% 3
\BOOKMARK [0][-]{bm:Abstract.0}{\376\377\000A\000b\000s\000t\000r\000a\000c\000t}{}% 4
\BOOKMARK [0][-]{bm:Acknowledge.0}{\376\377\000A\000c\000k\000n\000o\000w\000l\000e\000d\000g\000m\000e\000n\000t\000s}{}% 5
\BOOKMARK [0][-]{section*.1}{\376\377\000T\000a\000b\000l\000e\000\040\000o\000f\000\040\000C\000o\000n\000t\000e\000n\000t\000s}{}% 6
\BOOKMARK [0][-]{section*.3}{\376\377\000L\000i\000s\000t\000\040\000o\000f\000\040\000F\000i\000g\000u\000r\000e\000s}{}% 7
\BOOKMARK [0][-]{chapter.1}{\376\377\0001\000\040\000O\000r\000b\000i\000t\000s}{}% 8
\BOOKMARK [1][-]{section.1.1}{\376\377\0001\000.\0001\000\040\000E\000l\000l\000i\000p\000t\000i\000c\000a\000l\000\040\000o\000r\000b\000i\000t\000s}{chapter.1}% 9
\BOOKMARK [1][-]{section.1.2}{\376\377\0001\000.\0002\000\040\000C\000o\000n\000s\000e\000r\000v\000a\000t\000i\000o\000n\000\040\000o\000f\000\040\000O\000r\000b\000i\000t\000a\000l\000\040\000M\000e\000c\000h\000a\000n\000i\000c\000a\000l\000\040\000E\000n\000e\000r\000g\000y}{chapter.1}% 10
\BOOKMARK [1][-]{section.1.3}{\376\377\0001\000.\0003\000\040\000C\000o\000n\000s\000e\000r\000v\000a\000t\000i\000o\000n\000\040\000o\000f\000\040\000O\000r\000b\000i\000t\000a\000l\000\040\000A\000n\000g\000u\000l\000a\000r\000\040\000M\000o\000m\000e\000n\000t\000u\000m}{chapter.1}% 11
\BOOKMARK [1][-]{section.1.4}{\376\377\0001\000.\0004\000\040\000C\000o\000n\000i\000c\000\040\000S\000e\000c\000t\000i\000o\000n\000\040\000E\000q\000u\000a\000t\000i\000o\000n}{chapter.1}% 12
\BOOKMARK [0][-]{chapter.2}{\376\377\0002\000\040\000N\000u\000m\000e\000r\000i\000c\000a\000l\000\040\000V\000e\000r\000i\000f\000i\000c\000a\000t\000i\000o\000n\000\040\000o\000f\000\040\000t\000h\000e\000\040\000O\000r\000b\000i\000t\000\040\000E\000q\000u\000a\000t\000i\000o\000n}{}% 13
\BOOKMARK [0][-]{chapter.3}{\376\377\0003\000\040\000L\000o\000n\000g\000\040\000Q\000u\000o\000t\000a\000t\000i\000o\000n\000s}{}% 14
\BOOKMARK [1][-]{section.3.1}{\376\377\0003\000.\0001\000\040\000C\000h\000e\000m\000i\000c\000a\000l\000\040\000E\000q\000u\000a\000t\000i\000o\000n\000s\000\040\000i\000n\000\040\000L\000a\000T\000e\000X}{chapter.3}% 15
\BOOKMARK [1][-]{section.3.2}{\376\377\0003\000.\0002\000\040\000L\000o\000n\000g\000\040\000S\000e\000c\000t\000i\000o\000n\000\040\000N\000a\000m\000e\000s}{chapter.3}% 16
\BOOKMARK [1][-]{section.3.3}{\376\377\0003\000.\0003\000\040\000D\000o\000u\000b\000l\000e\000\040\000f\000i\000g\000u\000r\000e\000s}{chapter.3}% 17
\BOOKMARK [1][-]{section.3.4}{\376\377\0003\000.\0004\000\040\000d\000e\000f\000i\000n\000i\000n\000g\000\040\000n\000e\000w\000\040\000m\000a\000t\000h\000\040\000o\000p\000e\000r\000a\000t\000o\000r\000s}{chapter.3}% 18
\BOOKMARK [1][-]{section.3.5}{\376\377\0003\000.\0005\000\040\000T\000a\000b\000l\000e\000s}{chapter.3}% 19
\BOOKMARK [0][-]{section*.11}{\376\377\000B\000i\000b\000l\000i\000o\000g\000r\000a\000p\000h\000y}{}% 20
\BOOKMARK [0][-]{appendix.A}{\376\377\000A\000\040\000T\000h\000i\000n\000g\000s\000\040\000t\000h\000a\000t\000\040\000b\000e\000l\000o\000n\000g\000\040\000i\000n\000\040\000a\000n\000\040\000a\000p\000p\000e\000n\000d\000i\000x}{}% 21
\BOOKMARK [0][-]{appendix.B}{\376\377\000B\000\040\000I\000n\000c\000l\000u\000d\000i\000n\000g\000\040\000Y\000o\000u\000r\000\040\000C\000o\000d\000e}{}% 22
